{
  "type": "minecraft:generic",
  "pools": [
    {
      "rolls": 1,
      "entries": [
        {
          "type": "minecraft:item",
          "name": "minecraft:golden_chestplate",
          "functions": [
            {
              "function": "minecraft:set_attributes",
              "modifiers": [
                {
                  "attribute": "generic.armor",
                  "name": "generic.armor",
                  "amount": 5,
                  "operation": "addition",
                  "slot": "chest"
                }
              ]
            },
            {
              "function": "minecraft:set_name",
              "entity": "this",
              "name": [
                {
                  "translate": "%1$s%3427655$s",
                  "with": [
                    {
                      "text": "Unidentified ",
                      "italic": false
                    },
                    {
                      "translate": "item.gm4.armor_identification.armor.name.unidentified"
                    }
                  ]
                },
                {
                  "translate": "item.minecraft.golden_chestplate",
                  "italic": false
                }
              ]
            },
            {
              "function": "minecraft:set_nbt",
              "tag": "{gm4_armor_identification:{unidentified:0,slot:1,name:'{\"italic\":false,\"translate\":\"item.minecraft.golden_chestplate\"}'}}"
            },
            {
              "function": "minecraft:enchant_with_levels",
              "levels": {
                "min": {
                  "type": "minecraft:score",
                  "target": {
                    "type": "minecraft:fixed",
                    "name": "$difficulty"
                  },
                  "score": "gm4_ai_data",
                  "scale": 2
                },
                "max": {
                  "type": "minecraft:score",
                  "target": {
                    "type": "minecraft:fixed",
                    "name": "$difficulty"
                  },
                  "score": "gm4_ai_data",
                  "scale": 3
                }
              },
              "treasure": false,
              "conditions": [
                {
                  "condition": "minecraft:value_check",
                  "value": {
                    "type": "minecraft:score",
                    "target": {
                      "type": "minecraft:fixed",
                      "name": "$difficulty"
                    },
                    "score": "gm4_ai_data"
                  },
                  "range": {
                    "min": 2
                  }
                },
                {
                  "condition": "minecraft:random_chance",
                  "chance": 0.33
                }
              ]
            },
            {
              "function": "minecraft:enchant_randomly",
              "enchantments": [
                "minecraft:depth_strider"
              ],
              "conditions": [
                {
                  "condition": "minecraft:reference",
                  "name": "gm4_armor_identification:mobs/modifiers/reef"
                },
                {
                  "condition": "minecraft:random_chance",
                  "chance": 0.5
                }
              ]
            },
            {
              "function": "minecraft:enchant_randomly",
              "enchantments": [
                "minecraft:projectile_protection"
              ],
              "conditions": [
                {
                  "condition": "minecraft:reference",
                  "name": "gm4_armor_identification:mobs/modifiers/growth"
                },
                {
                  "condition": "minecraft:random_chance",
                  "chance": 0.8
                }
              ]
            }
          ]
        }
      ]
    }
  ]
}
