{
  "pools": [
    {
      "rolls": 1,
      "entries": [
        {
          "type": "minecraft:alternatives",
          "children": [
            {
              "type": "minecraft:loot_table",
              "value": "gm4_augmented_armor:armor/material/golden/feet",
              "conditions": [
                {
                  "condition": "minecraft:value_check",
                  "value": {
                    "type": "minecraft:score",
                    "target": {
                      "type": "minecraft:fixed",
                      "name": "gm4_augmented_armor"
                    },
                    "score": "load.status"
                  },
                  "range": {
                    "min": 1
                  }
                }
              ]
            },
            {
              "type": "minecraft:item",
              "name": "minecraft:golden_boots"
            }
          ]
        }
      ]
    }
  ]
}
