{
  "type": "minecraft:generic",
  "pools": [
    {
      "rolls": 1,
      "entries": [
        {
          "type": "minecraft:item",
          "name": "minecraft:golden_chestplate",
          "functions": [
            {
              "function": "minecraft:set_attributes",
              "modifiers": [
                {
                  "attribute": "generic.armor",
                  "name": "generic.armor",
                  "id": "9F3D476D-C118-4544-8365-64846904B48E",
                  "amount": 5,
                  "operation": "addition",
                  "slot": "chest"
                }
              ]
            },
            {
              "function": "minecraft:set_lore",
              "entity": "this",
              "lore": [
                {
                  "translate": "item.gm4.combat_expanded.lore.unidentified",
                  "fallback": "%s Unidentified Item - Drop to Identify",
                  "with": [
                    {
                      "text": "âš ",
                      "color": "red",
                      "italic": false
                    }
                  ],
                  "color": "dark_red",
                  "italic": false
                }
              ]
            },
            {
              "function": "minecraft:set_nbt",
              "tag": "{gm4_combat_expanded:{durability:112,identified:0,armor_clamp:-5,slot:1,material:4,name:'{\"italic\":false,\"translate\":\"item.minecraft.golden_chestplate\"}'}}"
            },
            {
              "function": "minecraft:enchant_randomly",
              "enchantments": [
                "minecraft:projectile_protection"
              ],
              "conditions": [
                {
                  "condition": "minecraft:reference",
                  "name": "gm4_combat_expanded:mob/modifier/growth"
                },
                {
                  "condition": "minecraft:value_check",
                  "value": {
                    "type": "minecraft:binomial",
                    "n": 1,
                    "p": {
                      "type": "minecraft:score",
                      "target": {
                        "type": "minecraft:fixed",
                        "name": "$difficulty"
                      },
                      "score": "gm4_ce_data",
                      "scale": 0.008
                    }
                  },
                  "range": 1
                }
              ]
            },
            {
              "function": "minecraft:enchant_with_levels",
              "levels": {
                "min": {
                  "type": "minecraft:score",
                  "target": {
                    "type": "minecraft:fixed",
                    "name": "$difficulty"
                  },
                  "score": "gm4_ce_data",
                  "scale": 0.2
                },
                "max": {
                  "type": "minecraft:score",
                  "target": {
                    "type": "minecraft:fixed",
                    "name": "$difficulty"
                  },
                  "score": "gm4_ce_data",
                  "scale": 0.3
                }
              },
              "treasure": false,
              "conditions": [
                {
                  "condition": "minecraft:random_chance",
                  "chance": 0.2
                }
              ]
            }
          ]
        }
      ]
    }
  ]
}
